


ARM Macro Assembler    Page 1 


    1 00000000                 EXPORT           get_now_PC
    2 00000000         
    3 00000000                 AREA             |.text|, CODE, READONLY, ALIGN=
2
    4 00000000                 THUMB
    5 00000000                 REQUIRE8
    6 00000000                 PRESERVE8
    7 00000000         
    8 00000000         get_now_PC
    9 00000000 F2AF 0004       ADR              R0, {pc}-0  ; R0 content is cur
                                                            rent instruction li
                                                            nking address
   10 00000004 4770            BX               LR
   11 00000006         
   12 00000006                 END
Command Line: --debug --xref --diag_suppress=9931 --cpu=Cortex-M4.fp.sp --apcs=
interwork --depend=..\obj\cpu_related_a.d -o..\obj\cpu_related_a.o -IC:\Users\A
dministrator\AppData\Local\Arm\Packs\Keil\STM32F4xx_DFP\2.14.0\Drivers\CMSIS\De
vice\ST\STM32F4xx\Include -IC:\Users\Administrator\AppData\Local\Arm\Packs\Keil
\STM32F4xx_DFP\2.14.0\Device\Include --predefine="__UVISION_VERSION SETA 537" -
-predefine="STM32F407xx SETA 1" --list=.\listings\cpu_related_a.lst ..\system\c
pu_related_a.asm



ARM Macro Assembler    Page 1 Alphabetic symbol ordering
Relocatable symbols

.text 00000000

Symbol: .text
   Definitions
      At line 3 in file ..\system\cpu_related_a.asm
   Uses
      None
Comment: .text unused
get_now_PC 00000000

Symbol: get_now_PC
   Definitions
      At line 8 in file ..\system\cpu_related_a.asm
   Uses
      At line 1 in file ..\system\cpu_related_a.asm
Comment: get_now_PC used once
2 symbols
335 symbols in table
